#-----------------------------------------------------------
# Vivado v2024.2 (64-bit)
# SW Build 5239630 on Fri Nov 08 22:35:27 MST 2024
# IP Build 5239520 on Sun Nov 10 16:12:51 MST 2024
# SharedData Build 5239561 on Fri Nov 08 14:39:27 MST 2024
# Start of session at: Sat Sep 13 08:53:21 2025
# Process ID         : 18532
# Current directory  : C:/PoC/Hilbert242C/Hilbert_242.runs/fir_compiler_1_synth_1
# Command line       : vivado.exe -log fir_compiler_1.vds -product Vivado -mode batch -messageDb vivado.pb -notrace -source fir_compiler_1.tcl
# Log file           : C:/PoC/Hilbert242C/Hilbert_242.runs/fir_compiler_1_synth_1/fir_compiler_1.vds
# Journal file       : C:/PoC/Hilbert242C/Hilbert_242.runs/fir_compiler_1_synth_1\vivado.jou
# Running On         : SNM_ProBook
# Platform           : Windows Server 2016 or Windows 10
# Operating System   : 26100
# Processor Detail   : Intel(R) Core(TM) i7-10510U CPU @ 1.80GHz
# CPU Frequency      : 2304 MHz
# CPU Physical cores : 4
# CPU Logical cores  : 8
# Host memory        : 17009 MB
# Swap memory        : 5637 MB
# Total Virtual      : 22646 MB
# Available Virtual  : 9144 MB
#-----------------------------------------------------------
source fir_compiler_1.tcl -notrace
